// Jest Snapshot v1, https://goo.gl/fbAQLP

exports[`Loader renders default props 1`] = `
<div
  className="container"
  style={
    Object {
      "height": "64px",
      "width": "64px",
    }
  }
>
  <div
    style={
      Object {
        "borderColor": "#ffffff",
        "borderWidth": 3.2,
      }
    }
  />
  <div
    style={
      Object {
        "borderColor": "#ffffff",
        "borderWidth": 3.2,
      }
    }
  />
</div>
`;
